{
  "annotations": {
    "destructiveHint": true,
    "title": "Manage discussion comments"
  },
  "description": "Write-only discussion comment operations: add, reply, update, delete, mark/unmark answer. Use only for explicit write requests; for read/list/summarize/count/search/inspect comments, use get_discussion_comments.",
  "inputSchema": {
    "properties": {
      "body": {
        "description": "Comment content (required for 'add', 'reply', and 'update' methods)",
        "type": "string"
      },
      "commentNodeID": {
        "description": "The Node ID of the discussion comment (required for 'reply', 'update', 'delete', 'mark_answer', and 'unmark_answer' methods). For 'reply', this is the top-level comment to reply to; GitHub Discussions only support one level of nesting.",
        "type": "string"
      },
      "discussionNumber": {
        "description": "Discussion number (required for 'add' and 'reply' methods). This is not a node ID.",
        "type": "number"
      },
      "method": {
        "description": "Write operation to perform on a discussion comment.\nOptions are:\n- 'add' - adds a new top-level comment to a discussion.\n- 'reply' - replies to a top-level discussion comment (GitHub Discussions only support one level of nesting).\n- 'update' - updates an existing discussion comment.\n- 'delete' - deletes a discussion comment.\n- 'mark_answer' - marks a discussion comment as the answer (Q\u0026A only).\n- 'unmark_answer' - unmarks a discussion comment as the answer (Q\u0026A only).\n",
        "enum": [
          "add",
          "reply",
          "update",
          "delete",
          "mark_answer",
          "unmark_answer"
        ],
        "type": "string"
      },
      "owner": {
        "description": "Repository owner or organization login (required for 'add' and 'reply' methods).",
        "type": "string"
      },
      "repo": {
        "description": "Repository name (required for 'add' and 'reply' methods). Use .github for organization-level discussions.",
        "type": "string"
      }
    },
    "required": [
      "method"
    ],
    "type": "object"
  },
  "name": "discussion_comment_write"
}