{
  "annotations": {
    "readOnlyHint": true,
    "title": "Get discussion comments"
  },
  "description": "Get/list discussion comments by owner, repo, and discussion number. Use for comment read/list/summarize/count/filter requests or what someone said. Includes totalCount and top-level comments; set includeReplies only when replies are requested. Do not call get_discussion first.",
  "inputSchema": {
    "properties": {
      "after": {
        "description": "Cursor for pagination. Use the endCursor from the previous page's PageInfo for GraphQL APIs.",
        "type": "string"
      },
      "discussionNumber": {
        "description": "Discussion number. This is not a node ID.",
        "type": "number"
      },
      "includeReplies": {
        "description": "Optional. Set only when the user explicitly asks to include or exclude replies; omit when replies are not mentioned.",
        "type": "boolean"
      },
      "owner": {
        "description": "Repository owner or organization login.",
        "type": "string"
      },
      "perPage": {
        "description": "Results per page for pagination (min 1, max 100)",
        "maximum": 100,
        "minimum": 1,
        "type": "number"
      },
      "repo": {
        "description": "Repository name. Use .github for organization-level discussions.",
        "type": "string"
      }
    },
    "required": [
      "owner",
      "repo",
      "discussionNumber"
    ],
    "type": "object"
  },
  "name": "get_discussion_comments"
}